// Vitest Snapshot v1, https://vitest.dev/guide/snapshot.html

exports[`ContactUs > faz snapshot do componente 1`] = `
<DocumentFragment>
  <section
    class="row-span-3 lg:row-span-5 col-span-7 lg:bg-linear-to-t lg:from-60% lg:from-black-medium lg:to-60% lg:to-white-background flex flex-col gap-y-4 lg:gap-y-20 justify-evenly items-center font-poppins"
  >
    <div
      id="title-section"
    >
      <h2
        class="text-xl md:text-2xl lg:text-4xl font-montserrat pb-3 font-medium text-black-medium  decoration-orange-primary"
      >
        Titulo de teste.
      </h2>
      <div
        class="w-full h-[3px] bg-orange-primary"
      />
    </div>
    <div
      class="flex flex-row h-fit lg:h-5/7 w-full lg:w-5/6 bg-white-background max-lg:pb-12"
      style="opacity: 0;"
    >
      <form
        action=""
        class="w-full h-fit lg:h-5/6 lg:w-1/2 flex flex-col justify-center items-center gap-y-10"
        data-testid="contact-form"
      >
        <input
          class="input"
          placeholder="Seu nome*"
          required=""
          type="text"
        />
        <input
          class="input"
          placeholder="Seu e-mail*"
          required=""
          type="text"
        />
        <textarea
          class="input"
          id=""
          name=""
          placeholder="Sua mensagem"
        />
        <button
          class="bg-orange-primary rounded-sm p-2 text-sm font-normal text-black-medium font-poppins font-bold text-black-medium min-w-30 w-1/2 h-10 hover:cursor-pointer hover:bg-black-medium hover:text-bege transition-colors"
        >
          Enviar mensagem
        </button>
      </form>
      <div
        class="max-lg:hidden w-1/2 lg:h-5/6"
      >
        <img
          alt="Recebendo a chave do carro"
          class="w-full h-full"
          src="/src/assets/images/key_image.png"
        />
      </div>
    </div>
  </section>
</DocumentFragment>
`;
